// Jest Snapshot v1, https://goo.gl/fbAQLP

exports[`Cart component Renders component 1`] = `
<div>
  <div
    class="overlay"
  >
    <div
      class="cart"
    >
      <div
        class="cart-heading"
      >
        Your shopping cart
      </div>
      <div
        class="cart-products"
      />
      <div
        class="cart-total"
      >
        Total price: $
        0.00
      </div>
      <button
        class="checkout-btn"
      >
        Checkout
      </button>
      <button
        class="close-btn"
      >
        Close
      </button>
    </div>
  </div>
</div>
`;

exports[`Cart component Renders empty div when product with zero quantity passed in 1`] = `
<div>
  <div
    class="overlay"
  >
    <div
      class="cart"
    >
      <div
        class="cart-heading"
      >
        Your shopping cart
      </div>
      <div
        class="cart-products"
      />
      <div
        class="cart-total"
      >
        Total price: $
        0.00
      </div>
      <button
        class="checkout-btn"
      >
        Checkout
      </button>
      <button
        class="close-btn"
      >
        Close
      </button>
    </div>
  </div>
</div>
`;
