// Jest Snapshot v1, https://goo.gl/fbAQLP

exports[`Store component Renders successfully 1`] = `
<div>
  <div
    class="products"
  >
    <div
      class="product-card"
    >
      <img
        alt=""
        class="card-img"
        src="./images/clothing/cap.png"
      />
      <div
        class="card-body"
      >
        <div
          class="card-info"
        >
          <div
            class="product-name"
          >
            Matt Black Cap, Unbranded, Unisex
          </div>
          <div
            class="product-price"
          >
            $
            19.50
          </div>
        </div>
        <button
          class="cart-btn"
        >
          Add To Cart
        </button>
      </div>
    </div>
    <div
      class="product-card"
    >
      <img
        alt=""
        class="card-img"
        src="./images/clothing/jacket.png"
      />
      <div
        class="card-body"
      >
        <div
          class="card-info"
        >
          <div
            class="product-name"
          >
            Nike Orange-White Jacket
          </div>
          <div
            class="product-price"
          >
            $
            155.00
          </div>
        </div>
        <button
          class="cart-btn"
        >
          Add To Cart
        </button>
      </div>
    </div>
    <div
      class="product-card"
    >
      <img
        alt=""
        class="card-img"
        src="./images/clothing/tshirt.png"
      />
      <div
        class="card-body"
      >
        <div
          class="card-info"
        >
          <div
            class="product-name"
          >
            Plain White T-Shirt for Men
          </div>
          <div
            class="product-price"
          >
            $
            60.00
          </div>
        </div>
        <button
          class="cart-btn"
        >
          Add To Cart
        </button>
      </div>
    </div>
    <div
      class="product-card"
    >
      <img
        alt=""
        class="card-img"
        src="./images/clothing/dress.png"
      />
      <div
        class="card-body"
      >
        <div
          class="card-info"
        >
          <div
            class="product-name"
          >
            Red Butterfly Dress + Black Belt for Women
          </div>
          <div
            class="product-price"
          >
            $
            245.00
          </div>
        </div>
        <button
          class="cart-btn"
        >
          Add To Cart
        </button>
      </div>
    </div>
    <div
      class="product-card"
    >
      <img
        alt=""
        class="card-img"
        src="./images/clothing/glasses.png"
      />
      <div
        class="card-body"
      >
        <div
          class="card-info"
        >
          <div
            class="product-name"
          >
            Rayban 2020 Limited Edition Shades
          </div>
          <div
            class="product-price"
          >
            $
            250.00
          </div>
        </div>
        <button
          class="cart-btn"
        >
          Add To Cart
        </button>
      </div>
    </div>
    <div
      class="product-card"
    >
      <img
        alt=""
        class="card-img"
        src="./images/clothing/jeans.png"
      />
      <div
        class="card-body"
      >
        <div
          class="card-info"
        >
          <div
            class="product-name"
          >
            Stylish Denim Jeans for Women, Tight Fit
          </div>
          <div
            class="product-price"
          >
            $
            30.00
          </div>
        </div>
        <button
          class="cart-btn"
        >
          Add To Cart
        </button>
      </div>
    </div>
    <div
      class="product-card"
    >
      <img
        alt=""
        class="card-img"
        src="./images/clothing/polo.png"
      />
      <div
        class="card-body"
      >
        <div
          class="card-info"
        >
          <div
            class="product-name"
          >
            Pink Polo Shirt, Slim Waist for Women
          </div>
          <div
            class="product-price"
          >
            $
            20.00
          </div>
        </div>
        <button
          class="cart-btn"
        >
          Add To Cart
        </button>
      </div>
    </div>
    <div
      class="product-card"
    >
      <img
        alt=""
        class="card-img"
        src="./images/clothing/shirt.png"
      />
      <div
        class="card-body"
      >
        <div
          class="card-info"
        >
          <div
            class="product-name"
          >
            Plain Black Shirt, Fitted, Men
          </div>
          <div
            class="product-price"
          >
            $
            40.00
          </div>
        </div>
        <button
          class="cart-btn"
        >
          Add To Cart
        </button>
      </div>
    </div>
    <div
      class="product-card"
    >
      <img
        alt=""
        class="card-img"
        src="./images/clothing/shoes.png"
      />
      <div
        class="card-body"
      >
        <div
          class="card-info"
        >
          <div
            class="product-name"
          >
            Stylish High Heels, Full Black
          </div>
          <div
            class="product-price"
          >
            $
            250.00
          </div>
        </div>
        <button
          class="cart-btn"
        >
          Add To Cart
        </button>
      </div>
    </div>
    <div
      class="product-card"
    >
      <img
        alt=""
        class="card-img"
        src="./images/clothing/suit.png"
      />
      <div
        class="card-body"
      >
        <div
          class="card-info"
        >
          <div
            class="product-name"
          >
            Class Release, Two Piece Black Suit
          </div>
          <div
            class="product-price"
          >
            $
            400.00
          </div>
        </div>
        <button
          class="cart-btn"
        >
          Add To Cart
        </button>
      </div>
    </div>
  </div>
</div>
`;
